18:03:07.325 [main]INFO  hooks.Hooks - launching the browser...........
18:03:10.737 [main]INFO  hooks.Hooks - quiting the browser........
18:03:12.083 [main]INFO  hooks.Hooks - launching the browser...........
18:03:13.706 [main]INFO  hooks.Hooks - quiting the browser........
18:03:14.275 [main]INFO  hooks.Hooks - launching the browser...........
18:03:15.996 [main]INFO  hooks.Hooks - quiting the browser........
18:03:16.799 [main]INFO  hooks.Hooks - launching the browser...........
18:03:18.845 [main]INFO  hooks.Hooks - quiting the browser........
18:03:19.212 [main]INFO  hooks.Hooks - launching the browser...........
18:03:20.628 [main]INFO  hooks.Hooks - quiting the browser........
18:05:52.339 [main]INFO  hooks.Hooks - launching the browser...........
18:05:54.776 [main]INFO  hooks.Hooks - quiting the browser........
18:05:55.904 [main]INFO  hooks.Hooks - launching the browser...........
18:05:57.409 [main]INFO  hooks.Hooks - quiting the browser........
18:05:57.957 [main]INFO  hooks.Hooks - launching the browser...........
18:56:02.296 [main]INFO  hooks.Hooks - launching the browser...........
18:56:04.946 [main]INFO  utils.BaseClass - entering the url........
18:56:11.878 [main]INFO  pageObject.SignUpPage - Verify signup page title
18:56:19.153 [main]INFO  pageObject.UserHomePage - Verify signup page title
18:56:19.169 [main]INFO  hooks.Hooks - quiting the browser........
18:56:19.614 [main]INFO  hooks.Hooks - launching the browser...........
18:56:20.913 [main]INFO  utils.BaseClass - entering the url........
18:56:25.948 [main]INFO  pageObject.SignUpPage - Verify signup page title
18:56:32.027 [main]INFO  pageObject.UserHomePage - Verify signup page title
18:56:32.053 [main]INFO  hooks.Hooks - quiting the browser........
18:56:32.518 [main]INFO  hooks.Hooks - launching the browser...........
18:56:33.817 [main]INFO  utils.BaseClass - entering the url........
18:56:39.955 [main]INFO  pageObject.SignUpPage - Verify signup page title
18:56:40.867 [main]INFO  pageObject.UserHomePage - Verify signup page title
18:56:42.430 [main]INFO  hooks.Hooks - quiting the browser........
18:56:42.774 [main]INFO  hooks.Hooks - launching the browser...........
18:56:43.879 [main]INFO  utils.BaseClass - entering the url........
18:56:49.641 [main]INFO  pageObject.SignUpPage - Verify signup page title
18:56:57.947 [main]INFO  pageObject.UserHomePage - Verify signup page title
18:56:57.967 [main]INFO  hooks.Hooks - quiting the browser........
18:56:58.473 [main]INFO  hooks.Hooks - launching the browser...........
18:56:59.781 [main]INFO  utils.BaseClass - entering the url........
18:57:04.867 [main]INFO  pageObject.SignUpPage - Verify signup page title
18:57:12.302 [main]INFO  pageObject.UserHomePage - Verify signup page title
18:57:12.319 [main]INFO  hooks.Hooks - quiting the browser........
19:00:47.215 [main]INFO  hooks.Hooks - launching the browser...........
19:00:49.454 [main]INFO  utils.BaseClass - entering the url........
19:00:55.125 [main]INFO  pageObject.SignUpPage - Verify signup page title
19:00:55.153 [main]INFO  hooks.Hooks - quiting the browser........
19:00:55.512 [main]INFO  hooks.Hooks - launching the browser...........
19:00:56.820 [main]INFO  utils.BaseClass - entering the url........
19:02:19.837 [main]INFO  hooks.Hooks - quiting the browser........
19:07:25.663 [main]INFO  hooks.Hooks - launching the browser...........
19:07:27.799 [main]INFO  utils.BaseClass - entering the url........
19:07:54.964 [main]INFO  pageObject.SignUpPage - Verify signup page title
19:07:54.977 [main]INFO  hooks.Hooks - quiting the browser........
19:07:55.289 [main]INFO  hooks.Hooks - launching the browser...........
19:07:56.491 [main]INFO  utils.BaseClass - entering the url........
19:08:37.306 [main]INFO  pageObject.SignUpPage - Verify signup page title
19:09:01.460 [main]INFO  pageObject.UserHomePage - Verify signup page title
19:09:01.474 [main]INFO  hooks.Hooks - quiting the browser........
19:10:33.406 [main]INFO  hooks.Hooks - launching the browser...........
19:10:35.510 [main]INFO  utils.BaseClass - entering the url........
19:10:42.157 [main]INFO  pageObject.SignUpPage - Verify signup page title
19:10:42.172 [main]INFO  hooks.Hooks - quiting the browser........
19:10:43.245 [main]INFO  hooks.Hooks - launching the browser...........
19:10:44.363 [main]INFO  utils.BaseClass - entering the url........
19:10:52.656 [main]INFO  pageObject.SignUpPage - Verify signup page title
19:11:01.340 [main]INFO  pageObject.UserHomePage - Verify signup page title
19:11:01.358 [main]INFO  hooks.Hooks - quiting the browser........
16:36:36.892 [main]INFO  hooks.Hooks - launching the browser...........
16:36:39.946 [main]INFO  utils.BaseClass - entering the url........
16:36:49.498 [main]INFO  pageObject.SignUpPage - Verify signup page title
16:36:50.241 [main]INFO  pageObject.UserHomePage - Verify signup page title
16:40:20.004 [main]INFO  hooks.Hooks - quiting the browser........
16:40:20.079 [main]INFO  hooks.Hooks - launching the browser...........
16:42:11.816 [main]INFO  hooks.Hooks - launching the browser...........
16:42:14.054 [main]INFO  utils.BaseClass - entering the url........
16:42:21.874 [main]INFO  pageObject.SignUpPage - Verify signup page title
16:42:30.701 [main]INFO  pageObject.UserHomePage - Verify signup page title
16:42:30.717 [main]INFO  hooks.Hooks - quiting the browser........
16:42:31.047 [main]INFO  hooks.Hooks - launching the browser...........
16:42:32.274 [main]INFO  utils.BaseClass - entering the url........
16:42:48.855 [main]INFO  pageObject.SignUpPage - Verify signup page title
16:42:50.279 [main]INFO  pageObject.UserHomePage - Verify signup page title
16:42:50.561 [main]INFO  hooks.Hooks - quiting the browser........
16:42:50.935 [main]INFO  hooks.Hooks - launching the browser...........
16:42:52.188 [main]INFO  utils.BaseClass - entering the url........
16:43:02.171 [main]INFO  pageObject.SignUpPage - Verify signup page title
16:43:08.024 [main]INFO  pageObject.UserHomePage - Verify signup page title
16:43:09.809 [main]INFO  pageObject.SignUpPage - Verify signup page title
16:43:09.812 [main]INFO  hooks.Hooks - quiting the browser........
17:06:31.171 [main]INFO  hooks.Hooks - launching the browser...........
17:06:34.062 [main]INFO  utils.BaseClass - entering the url........
17:06:40.881 [main]INFO  pageObject.SignUpPage - Verify signup page title
17:06:40.905 [main]INFO  hooks.Hooks - quiting the browser........
17:06:41.275 [main]INFO  hooks.Hooks - launching the browser...........
17:06:42.473 [main]INFO  utils.BaseClass - entering the url........
17:06:50.428 [main]INFO  pageObject.SignUpPage - Verify signup page title
17:06:56.405 [main]INFO  pageObject.UserHomePage - Verify signup page title
17:06:56.414 [main]INFO  hooks.Hooks - quiting the browser........
17:06:56.753 [main]INFO  hooks.Hooks - launching the browser...........
17:06:57.962 [main]INFO  utils.BaseClass - entering the url........
17:07:08.545 [main]INFO  pageObject.SignUpPage - Verify signup page title
17:07:09.503 [main]INFO  pageObject.UserHomePage - Verify signup page title
17:07:14.303 [main]INFO  hooks.Hooks - quiting the browser........
17:07:14.693 [main]INFO  hooks.Hooks - launching the browser...........
17:07:16.193 [main]INFO  utils.BaseClass - entering the url........
17:07:21.264 [main]INFO  pageObject.SignUpPage - Verify signup page title
17:07:22.863 [main]INFO  pageObject.UserHomePage - Verify signup page title
17:07:23.265 [main]INFO  hooks.Hooks - quiting the browser........
17:08:07.582 [main]INFO  hooks.Hooks - launching the browser...........
17:08:09.862 [main]INFO  utils.BaseClass - entering the url........
17:08:15.498 [main]INFO  pageObject.SignUpPage - Verify signup page title
17:08:15.522 [main]INFO  hooks.Hooks - quiting the browser........
17:08:16.007 [main]INFO  hooks.Hooks - launching the browser...........
17:08:17.607 [main]INFO  utils.BaseClass - entering the url........
17:08:22.914 [main]INFO  pageObject.SignUpPage - Verify signup page title
17:08:35.373 [main]INFO  pageObject.UserHomePage - Verify signup page title
17:08:35.390 [main]INFO  hooks.Hooks - quiting the browser........
17:08:35.831 [main]INFO  hooks.Hooks - launching the browser...........
17:08:37.119 [main]INFO  utils.BaseClass - entering the url........
17:08:43.142 [main]INFO  pageObject.SignUpPage - Verify signup page title
17:08:43.792 [main]INFO  pageObject.UserHomePage - Verify signup page title
17:08:52.115 [main]INFO  hooks.Hooks - quiting the browser........
17:08:52.585 [main]INFO  hooks.Hooks - launching the browser...........
17:08:53.769 [main]INFO  utils.BaseClass - entering the url........
17:08:58.954 [main]INFO  pageObject.SignUpPage - Verify signup page title
17:09:00.564 [main]INFO  pageObject.UserHomePage - Verify signup page title
17:09:00.779 [main]INFO  hooks.Hooks - quiting the browser........
17:11:12.692 [main]INFO  hooks.Hooks - launching the browser...........
17:11:14.780 [main]INFO  utils.BaseClass - entering the url........
17:11:23.452 [main]INFO  pageObject.SignUpPage - Verify signup page title
17:11:29.909 [main]INFO  hooks.Hooks - quiting the browser........
17:11:30.245 [main]INFO  hooks.Hooks - launching the browser...........
17:11:31.633 [main]INFO  utils.BaseClass - entering the url........
17:11:37.704 [main]INFO  pageObject.SignUpPage - Verify signup page title
17:11:43.700 [main]INFO  pageObject.UserHomePage - Verify signup page title
17:11:45.492 [main]INFO  pageObject.SignUpPage - Verify signup page title
17:11:45.511 [main]INFO  hooks.Hooks - quiting the browser........
18:04:47.919 [main]INFO  hooks.Hooks - launching the browser...........
18:04:50.576 [main]INFO  utils.BaseClass - entering the url........
18:04:57.838 [main]INFO  pageObject.SignUpPage - Verify signup page title
18:04:57.862 [main]INFO  hooks.Hooks - quiting the browser........
18:04:58.261 [main]INFO  hooks.Hooks - launching the browser...........
18:04:59.586 [main]INFO  utils.BaseClass - entering the url........
18:05:04.956 [main]INFO  pageObject.SignUpPage - Verify signup page title
18:05:10.048 [main]INFO  pageObject.UserHomePage - Verify signup page title
18:05:10.067 [main]INFO  hooks.Hooks - quiting the browser........
18:05:10.568 [main]INFO  hooks.Hooks - launching the browser...........
18:05:11.718 [main]INFO  utils.BaseClass - entering the url........
18:05:17.032 [main]INFO  pageObject.SignUpPage - Verify signup page title
18:05:30.758 [main]INFO  pageObject.UserHomePage - Verify signup page title
18:05:30.770 [main]INFO  hooks.Hooks - quiting the browser........
18:05:31.069 [main]INFO  hooks.Hooks - launching the browser...........
18:05:32.358 [main]INFO  utils.BaseClass - entering the url........
18:05:38.428 [main]INFO  pageObject.SignUpPage - Verify signup page title
18:05:38.862 [main]INFO  pageObject.UserHomePage - Verify signup page title
18:05:40.275 [main]INFO  hooks.Hooks - quiting the browser........
13:18:30.048 [main]INFO  hooks.Hooks - launching the browser...........
13:18:32.710 [main]INFO  utils.BaseClass - entering the url........
13:19:10.154 [main]INFO  hooks.Hooks - launching the browser...........
13:19:12.580 [main]INFO  utils.BaseClass - entering the url........
13:19:22.838 [main]INFO  pageObject.SignUpPage - Verify signup page title
13:19:22.851 [main]INFO  hooks.Hooks - quiting the browser........
13:19:23.211 [main]INFO  hooks.Hooks - launching the browser...........
13:19:24.918 [main]INFO  utils.BaseClass - entering the url........
13:19:37.186 [main]INFO  pageObject.SignUpPage - Verify signup page title
13:19:43.090 [main]INFO  pageObject.UserHomePage - Verify signup page title
13:19:43.171 [main]INFO  hooks.Hooks - quiting the browser........
13:19:44.619 [main]INFO  hooks.Hooks - launching the browser...........
13:19:45.921 [main]INFO  utils.BaseClass - entering the url........
13:19:57.814 [main]INFO  pageObject.SignUpPage - Verify signup page title
13:20:03.867 [main]INFO  pageObject.UserHomePage - Verify signup page title
13:20:03.882 [main]INFO  hooks.Hooks - quiting the browser........
13:20:04.568 [main]INFO  hooks.Hooks - launching the browser...........
13:20:06.150 [main]INFO  utils.BaseClass - entering the url........
13:20:13.128 [main]INFO  pageObject.SignUpPage - Verify signup page title
13:20:15.823 [main]INFO  pageObject.UserHomePage - Verify signup page title
13:20:17.534 [main]INFO  hooks.Hooks - quiting the browser........
13:40:38.072 [main]INFO  hooks.Hooks - launching the browser...........
13:40:40.846 [main]INFO  utils.BaseClass - entering the url........
13:40:46.547 [main]INFO  pageObject.SignUpPage - Verify signup page title
13:40:46.666 [main]INFO  hooks.Hooks - quiting the browser........
13:40:47.241 [main]INFO  hooks.Hooks - launching the browser...........
13:40:48.855 [main]INFO  utils.BaseClass - entering the url........
13:40:56.096 [main]INFO  pageObject.SignUpPage - Verify signup page title
13:40:56.782 [main]INFO  pageObject.UserHomePage - Verify signup page title
13:41:05.007 [main]INFO  hooks.Hooks - quiting the browser........
13:41:05.419 [main]INFO  hooks.Hooks - launching the browser...........
13:41:06.660 [main]INFO  utils.BaseClass - entering the url........
13:41:14.185 [main]INFO  pageObject.SignUpPage - Verify signup page title
13:41:22.466 [main]INFO  pageObject.UserHomePage - Verify signup page title
13:41:22.478 [main]INFO  hooks.Hooks - quiting the browser........
13:41:22.854 [main]INFO  hooks.Hooks - launching the browser...........
13:41:24.040 [main]INFO  utils.BaseClass - entering the url........
13:41:33.661 [main]INFO  pageObject.SignUpPage - Verify signup page title
13:41:34.141 [main]INFO  pageObject.UserHomePage - Verify signup page title
13:41:36.132 [main]INFO  hooks.Hooks - quiting the browser........
14:44:51.274 [main]INFO  hooks.Hooks - launching the browser...........
14:44:54.548 [main]INFO  utils.BaseClass - entering the url........
14:45:00.359 [main]INFO  pageObject.SignUpPage - Verify signup page title
14:45:00.373 [main]INFO  hooks.Hooks - quiting the browser........
14:45:00.755 [main]INFO  hooks.Hooks - launching the browser...........
14:45:01.916 [main]INFO  utils.BaseClass - entering the url........
14:45:09.945 [main]INFO  pageObject.SignUpPage - Verify signup page title
14:45:22.389 [main]INFO  pageObject.UserHomePage - Verify signup page title
14:45:22.401 [main]INFO  hooks.Hooks - quiting the browser........
14:45:22.768 [main]INFO  hooks.Hooks - launching the browser...........
14:45:24.150 [main]INFO  utils.BaseClass - entering the url........
14:45:31.608 [main]INFO  pageObject.SignUpPage - Verify signup page title
14:45:46.307 [main]INFO  pageObject.UserHomePage - Verify signup page title
14:45:46.331 [main]INFO  hooks.Hooks - quiting the browser........
14:45:46.740 [main]INFO  hooks.Hooks - launching the browser...........
14:45:47.932 [main]INFO  utils.BaseClass - entering the url........
14:45:55.109 [main]INFO  pageObject.SignUpPage - Verify signup page title
14:45:58.868 [main]INFO  pageObject.UserHomePage - Verify signup page title
14:45:59.259 [main]INFO  hooks.Hooks - quiting the browser........
14:46:00.036 [main]INFO  hooks.Hooks - launching the browser...........
14:46:01.158 [main]INFO  utils.BaseClass - entering the url........
14:46:06.863 [main]INFO  pageObject.SignUpPage - Verify signup page title
14:46:09.435 [main]INFO  hooks.Hooks - quiting the browser........
14:46:09.788 [main]INFO  hooks.Hooks - launching the browser...........
14:46:10.994 [main]INFO  utils.BaseClass - entering the url........
14:46:22.317 [main]INFO  pageObject.SignUpPage - Verify signup page title
14:46:35.612 [main]INFO  pageObject.UserHomePage - Verify signup page title
14:46:40.920 [main]INFO  pageObject.SignUpPage - Verify signup page title
14:46:40.939 [main]INFO  hooks.Hooks - quiting the browser........
14:49:51.218 [main]INFO  hooks.Hooks - launching the browser...........
14:49:53.795 [main]INFO  utils.BaseClass - entering the url........
14:50:02.756 [main]INFO  pageObject.SignUpPage - Verify signup page title
14:50:04.371 [main]INFO  hooks.Hooks - quiting the browser........
14:50:05.091 [main]INFO  hooks.Hooks - launching the browser...........
14:50:06.613 [main]INFO  utils.BaseClass - entering the url........
14:50:46.656 [main]INFO  pageObject.SignUpPage - Verify signup page title
14:50:47.326 [main]INFO  pageObject.UserHomePage - Verify signup page title
14:51:05.540 [main]INFO  pageObject.SignUpPage - Verify signup page title
14:51:05.567 [main]INFO  hooks.Hooks - quiting the browser........
14:54:35.181 [main]INFO  hooks.Hooks - launching the browser...........
14:54:37.800 [main]INFO  utils.BaseClass - entering the url........
14:54:47.200 [main]INFO  pageObject.SignUpPage - Verify signup page title
14:54:47.220 [main]INFO  hooks.Hooks - quiting the browser........
14:54:47.762 [main]INFO  hooks.Hooks - launching the browser...........
14:54:49.081 [main]INFO  utils.BaseClass - entering the url........
14:54:59.744 [main]INFO  pageObject.SignUpPage - Verify signup page title
14:55:15.468 [main]INFO  pageObject.UserHomePage - Verify signup page title
14:55:15.481 [main]INFO  hooks.Hooks - quiting the browser........
14:55:15.937 [main]INFO  hooks.Hooks - launching the browser...........
14:55:17.152 [main]INFO  utils.BaseClass - entering the url........
14:55:32.634 [main]INFO  pageObject.SignUpPage - Verify signup page title
14:55:44.717 [main]INFO  pageObject.UserHomePage - Verify signup page title
14:55:44.740 [main]INFO  hooks.Hooks - quiting the browser........
14:55:45.074 [main]INFO  hooks.Hooks - launching the browser...........
14:55:46.223 [main]INFO  utils.BaseClass - entering the url........
14:55:54.571 [main]INFO  pageObject.SignUpPage - Verify signup page title
14:55:57.220 [main]INFO  pageObject.UserHomePage - Verify signup page title
14:55:57.601 [main]INFO  hooks.Hooks - quiting the browser........
14:55:57.993 [main]INFO  hooks.Hooks - launching the browser...........
14:55:59.235 [main]INFO  utils.BaseClass - entering the url........
14:56:05.345 [main]INFO  pageObject.SignUpPage - Verify signup page title
14:56:06.972 [main]INFO  hooks.Hooks - quiting the browser........
14:56:07.287 [main]INFO  hooks.Hooks - launching the browser...........
14:56:08.357 [main]INFO  utils.BaseClass - entering the url........
14:56:19.929 [main]INFO  pageObject.SignUpPage - Verify signup page title
14:56:20.558 [main]INFO  pageObject.UserHomePage - Verify signup page title
14:56:35.302 [main]INFO  pageObject.SignUpPage - Verify signup page title
14:56:35.316 [main]INFO  hooks.Hooks - quiting the browser........
14:58:40.606 [main]INFO  hooks.Hooks - launching the browser...........
14:58:42.793 [main]INFO  utils.BaseClass - entering the url........
14:58:49.189 [main]INFO  pageObject.SignUpPage - Verify signup page title
14:58:49.211 [main]INFO  hooks.Hooks - quiting the browser........
14:58:49.851 [main]INFO  hooks.Hooks - launching the browser...........
14:58:51.126 [main]INFO  utils.BaseClass - entering the url........
14:59:00.809 [main]INFO  pageObject.SignUpPage - Verify signup page title
14:59:21.230 [main]INFO  pageObject.UserHomePage - Verify signup page title
14:59:21.249 [main]INFO  hooks.Hooks - quiting the browser........
14:59:21.706 [main]INFO  hooks.Hooks - launching the browser...........
14:59:22.905 [main]INFO  utils.BaseClass - entering the url........
14:59:29.766 [main]INFO  pageObject.SignUpPage - Verify signup page title
14:59:30.605 [main]INFO  pageObject.UserHomePage - Verify signup page title
14:59:38.576 [main]INFO  hooks.Hooks - quiting the browser........
14:59:38.935 [main]INFO  hooks.Hooks - launching the browser...........
14:59:40.227 [main]INFO  utils.BaseClass - entering the url........
14:59:50.291 [main]INFO  pageObject.SignUpPage - Verify signup page title
14:59:52.441 [main]INFO  pageObject.UserHomePage - Verify signup page title
14:59:53.012 [main]INFO  hooks.Hooks - quiting the browser........
14:59:53.642 [main]INFO  hooks.Hooks - launching the browser...........
14:59:54.772 [main]INFO  utils.BaseClass - entering the url........
15:00:00.783 [main]INFO  pageObject.SignUpPage - Verify signup page title
15:00:02.466 [main]INFO  hooks.Hooks - quiting the browser........
15:00:02.855 [main]INFO  hooks.Hooks - launching the browser...........
15:00:03.973 [main]INFO  utils.BaseClass - entering the url........
15:00:13.527 [main]INFO  pageObject.SignUpPage - Verify signup page title
15:00:25.892 [main]INFO  pageObject.UserHomePage - Verify signup page title
15:00:27.912 [main]INFO  pageObject.SignUpPage - Verify signup page title
15:00:27.925 [main]INFO  hooks.Hooks - quiting the browser........
15:01:19.576 [main]INFO  hooks.Hooks - launching the browser...........
15:01:21.576 [main]INFO  utils.BaseClass - entering the url........
15:01:45.884 [main]INFO  pageObject.SignUpPage - Verify signup page title
15:01:45.910 [main]INFO  hooks.Hooks - quiting the browser........
15:01:46.325 [main]INFO  hooks.Hooks - launching the browser...........
15:01:47.472 [main]INFO  utils.BaseClass - entering the url........
15:01:58.911 [main]INFO  pageObject.SignUpPage - Verify signup page title
15:02:14.318 [main]INFO  pageObject.UserHomePage - Verify signup page title
15:02:14.333 [main]INFO  hooks.Hooks - quiting the browser........
15:02:14.814 [main]INFO  hooks.Hooks - launching the browser...........
15:02:15.975 [main]INFO  utils.BaseClass - entering the url........
15:02:22.267 [main]INFO  pageObject.SignUpPage - Verify signup page title
15:02:23.076 [main]INFO  pageObject.UserHomePage - Verify signup page title
15:02:36.179 [main]INFO  hooks.Hooks - quiting the browser........
15:02:36.565 [main]INFO  hooks.Hooks - launching the browser...........
15:02:37.704 [main]INFO  utils.BaseClass - entering the url........
15:02:48.015 [main]INFO  pageObject.SignUpPage - Verify signup page title
15:02:51.414 [main]INFO  pageObject.UserHomePage - Verify signup page title
15:02:51.838 [main]INFO  hooks.Hooks - quiting the browser........
15:02:52.387 [main]INFO  hooks.Hooks - launching the browser...........
15:02:53.563 [main]INFO  utils.BaseClass - entering the url........
15:03:02.126 [main]INFO  pageObject.SignUpPage - Verify signup page title
15:03:03.892 [main]INFO  hooks.Hooks - quiting the browser........
15:03:04.330 [main]INFO  hooks.Hooks - launching the browser...........
15:03:05.674 [main]INFO  utils.BaseClass - entering the url........
15:03:15.296 [main]INFO  pageObject.SignUpPage - Verify signup page title
15:04:45.234 [main]INFO  pageObject.UserHomePage - Verify signup page title
15:04:47.140 [main]INFO  pageObject.SignUpPage - Verify signup page title
15:04:47.153 [main]INFO  hooks.Hooks - quiting the browser........
15:06:54.737 [main]INFO  hooks.Hooks - launching the browser...........
15:06:56.815 [main]INFO  utils.BaseClass - entering the url........
15:07:13.986 [main]INFO  pageObject.SignUpPage - Verify signup page title
15:07:15.795 [main]INFO  hooks.Hooks - quiting the browser........
15:07:16.170 [main]INFO  hooks.Hooks - launching the browser...........
15:07:17.333 [main]INFO  utils.BaseClass - entering the url........
15:07:31.186 [main]INFO  pageObject.SignUpPage - Verify signup page title
15:08:24.500 [main]INFO  pageObject.UserHomePage - Verify signup page title
15:08:26.571 [main]INFO  pageObject.SignUpPage - Verify signup page title
15:08:26.581 [main]INFO  hooks.Hooks - quiting the browser........
15:11:30.364 [main]INFO  hooks.Hooks - launching the browser...........
15:11:32.448 [main]INFO  utils.BaseClass - entering the url........
15:11:38.510 [main]INFO  pageObject.SignUpPage - Verify signup page title
15:11:38.562 [main]INFO  hooks.Hooks - quiting the browser........
15:11:39.235 [main]INFO  hooks.Hooks - launching the browser...........
15:11:40.566 [main]INFO  utils.BaseClass - entering the url........
15:11:46.037 [main]INFO  pageObject.SignUpPage - Verify signup page title
15:13:15.358 [main]INFO  pageObject.UserHomePage - Verify signup page title
15:13:15.367 [main]INFO  hooks.Hooks - quiting the browser........
15:13:15.691 [main]INFO  hooks.Hooks - launching the browser...........
15:13:16.941 [main]INFO  utils.BaseClass - entering the url........
15:13:24.919 [main]INFO  pageObject.SignUpPage - Verify signup page title
15:14:06.163 [main]INFO  pageObject.UserHomePage - Verify signup page title
15:14:06.201 [main]INFO  hooks.Hooks - quiting the browser........
15:14:06.929 [main]INFO  hooks.Hooks - launching the browser...........
15:14:09.066 [main]INFO  utils.BaseClass - entering the url........
15:14:21.257 [main]INFO  pageObject.SignUpPage - Verify signup page title
15:14:29.131 [main]INFO  pageObject.UserHomePage - Verify signup page title
15:14:30.227 [main]INFO  hooks.Hooks - quiting the browser........
15:14:31.255 [main]INFO  hooks.Hooks - launching the browser...........
15:14:33.326 [main]INFO  utils.BaseClass - entering the url........
15:14:48.107 [main]INFO  pageObject.SignUpPage - Verify signup page title
15:14:53.272 [main]INFO  hooks.Hooks - quiting the browser........
15:14:54.804 [main]INFO  hooks.Hooks - launching the browser...........
15:14:56.755 [main]INFO  utils.BaseClass - entering the url........
15:15:31.573 [main]INFO  pageObject.SignUpPage - Verify signup page title
15:15:40.230 [main]INFO  pageObject.UserHomePage - Verify signup page title
15:15:42.347 [main]INFO  pageObject.SignUpPage - Verify signup page title
15:15:42.377 [main]INFO  hooks.Hooks - quiting the browser........
